[interportglobal.com/2023-holiday-list.html]
[backblue.gif]
[fade.gif]
[index.html]
[interportglobal.com/new/img/logos/logo-old.png]
[interportglobal.com/new/index.html]
[interportglobal.com/img/logos/logo-old.png]
[interportglobal.com/css/plugins.css]
[interportglobal.com/css/styles.css]
[interportglobal.com/css/custom.css]
[interportglobal.com/css/mystyle.css]
[interportglobal.com/css/responsive.css]
[interportglobal.com/css/new-responsive.css]
[translate.google.com/translate_a/element7876.js]
[connect.facebook.net/en_US/fbevents.js]
[interportglobal.com/index.html]
[interportglobal.com/img/logos/logo-w.png]
[interportglobal.com/img/logos/logo-b.png]
[interportglobal.com/about.html]
[interportglobal.com/services.html]
[interportglobal.com/freight-forwarding.html]
[interportglobal.com/ocean-freight.html]
[interportglobal.com/air-freight.html]
[interportglobal.com/rail-freight.html]
[interportglobal.com/road-freight.html]
[interportglobal.com/3pl-warehousing.html]
[interportglobal.com/custom-brokerage.html]
[interportglobal.com/hazardous-cargo.html]
[interportglobal.com/project-cargo.html]
[interportglobal.com/heavy-lift.html]
[interportglobal.com/door-to-door-program.html]
[interportglobal.com/vessel-handling.html]
[interportglobal.com/turnkey-projects.html]
[interportglobal.com/iso-flexi-tanks.html]
[interportglobal.com/cargo-insurance.html]
[interportglobal.com/nvocc.html]
[interportglobal.com/import-export-consolidation.html]
[interportglobal.com/airlines.html]
[interportglobal.com/bankers.html]
[interportglobal.com/india-info.html]
[interportglobal.com/container-specification-sea.html]
[interportglobal.com/container-specification-air.html]
[interportglobal.com/hazmat-definitions.html]
[interportglobal.com/shipping-glossary.html]
[interportglobal.com/iata-codes.html]
[interportglobal.com/usa-port-codes.html]
[interportglobal.com/print-your-bill-of-lading.html]
[interportglobal.com/industry-links.html]
[interportglobal.com/inco-terms.html]
[interportglobal.com/careers.html]
[interportglobal.com/network.html]
[interportglobal.com/contact.html]
[interportglobal.com/enquiry-form.html]
[interportglobal.com/feedback-form.html]
[interportglobal.com/air-shipment.html]
[interportglobal.com/sea-shipment.html]
[interportglobal.com/get-a-quote.html]
[interportglobal.com/img/bg/bg-03.png]
[interportglobal.com/terms-and-conditions.html]
[interportglobal.com/certifications.html]
[interportglobal.com/advertisements.html]
[interportglobal.com/sitemap.html]
[interportglobal.com/js/jquery.min.js]
[interportglobal.com/js/popper.min.js]
[interportglobal.com/js/bootstrap.min.js]
[interportglobal.com/js/main.js]
[interportglobal.com/2023-holiday-list.html]
[interportglobal.com/js/core.min.js]
[interportglobal.com/new/css/plugins.css]
[interportglobal.com/new/css/styles.css]
[interportglobal.com/new/css/custom.css]
[interportglobal.com/new/css/mystyle.css]
[interportglobal.com/new/css/responsive.css]
[interportglobal.com/new/css/new-responsive.css]
[interportglobal.com/new/index-2.html]
[interportglobal.com/new/img/logos/logo-w.png]
[interportglobal.com/new/img/logos/logo-b.png]
[interportglobal.com/new/about.html]
[interportglobal.com/new/services.html]
[interportglobal.com/new/freight-forwarding.html]
[interportglobal.com/new/ocean-freight.html]
[interportglobal.com/new/air-freight.html]
[interportglobal.com/new/rail-freight.html]
[interportglobal.com/new/road-freight.html]
[interportglobal.com/new/3pl-warehousing.html]
[interportglobal.com/new/custom-brokerage.html]
[interportglobal.com/new/hazardous-cargo.html]
[interportglobal.com/new/project-cargo.html]
[interportglobal.com/new/heavy-lift.html]
[interportglobal.com/new/door-to-door-program.html]
[interportglobal.com/new/vessel-handling.html]
[interportglobal.com/new/turnkey-projects.html]
[interportglobal.com/new/iso-flexi-tanks.html]
[interportglobal.com/new/cargo-insurance.html]
[interportglobal.com/new/nvocc.html]
[interportglobal.com/new/import-export-consolidation.html]
[interportglobal.com/new/airlines.html]
[interportglobal.com/new/bankers.html]
[interportglobal.com/new/2023-holiday-list.html]
[interportglobal.com/new/india-info.html]
[interportglobal.com/new/container-specification-sea.html]
[interportglobal.com/new/container-specification-air.html]
[interportglobal.com/new/hazmat-definitions.html]
[interportglobal.com/new/shipping-glossary.html]
[interportglobal.com/new/iata-codes.html]
[interportglobal.com/new/usa-port-codes.html]
[interportglobal.com/new/print-your-bill-of-lading.html]
[interportglobal.com/new/industry-links.html]
[interportglobal.com/new/inco-terms.html]
[interportglobal.com/new/careers.html]
[interportglobal.com/new/network.html]
[interportglobal.com/new/contact.html]
[interportglobal.com/new/enquiry-form.html]
[interportglobal.com/new/feedback-form.html]
[interportglobal.com/new/air-shipment.html]
[interportglobal.com/new/sea-shipment.html]
[interportglobal.com/new/get-a-quote.html]
[interportglobal.com/new/img/video/banner-final.mp4]
[interportglobal.com/new/img/icons/counter/employee.png]
[interportglobal.com/new/img/icons/counter/cummulative-exp.png]
[interportglobal.com/new/img/icons/counter/business.png]
[interportglobal.com/new/img/icons/counter/air-freight.png]
[interportglobal.com/new/img/icons/counter/countries.png]
[interportglobal.com/new/img/icons/counter/containers-handle.png]
[interportglobal.com/new/img/icons/counter/customer-brokerage.png]
[interportglobal.com/new/img/icons/counter/road-freight.png]
[interportglobal.com/new/img/portfolio/freight.jpg]
[interportglobal.com/new/img/portfolio/warehouse.jpg]
[interportglobal.com/new/img/portfolio/custom-brokerage.jpg]
[interportglobal.com/new/img/portfolio/hazardous.jpg]
[interportglobal.com/new/img/portfolio/door-to-door.jpg]
[interportglobal.com/new/img/client/client-1.png]
[interportglobal.com/new/img/client/client-2.png]
[interportglobal.com/new/img/client/client-3.png]
[interportglobal.com/new/img/client/client-4.png]
[interportglobal.com/new/img/client/client-7.png]
[interportglobal.com/new/img/client/client-5.png]
[interportglobal.com/new/img/client/client-8.png]
[interportglobal.com/new/img/client/client-10.png]
[interportglobal.com/new/img/client/client-6.png]
[interportglobal.com/new/img/client/client-15.png]
[interportglobal.com/new/img/client/client-16.png]
[interportglobal.com/new/img/bg/bg-03.png]
[interportglobal.com/new/terms-and-conditions.html]
[interportglobal.com/new/certifications.html]
[interportglobal.com/new/advertisements.html]
[interportglobal.com/new/sitemap.html]
[interportglobal.com/new/js/jquery.min.js]
[interportglobal.com/new/js/popper.min.js]
[interportglobal.com/new/js/bootstrap.min.js]
[interportglobal.com/new/js/main.js]
[interportglobal.com/new/index.html]
[interportglobal.com/new/js/core.min.js]
[interportglobal.com/fonts/fa-brands-400.ttf]
[interportglobal.com/fonts/fa-regular-400.ttf]
[interportglobal.com/fonts/fa-solid-900.ttf]
[interportglobal.com/fonts/fa-v4compatibility.ttf]
[interportglobal.com/fonts/themify9f249f24.eot]
[interportglobal.com/fonts/themifyd41dd41d.eot]
[interportglobal.com/fonts/themify9f249f24.woff]
[interportglobal.com/fonts/themify9f249f24.ttf]
[interportglobal.com/fonts/lg83068306.ttf]
[interportglobal.com/fonts/lg83068306.woff]
[interportglobal.com/css/plugins.css]
[interportglobal.com/img/bg/testimonials_bg.jpg]
[interportglobal.com/css/styles.css]
[interportglobal.com/img/bg/inco-terms.jpg]
[gtranslate.net/flags/16.png]
[gtranslate.net/flags/16a.png]
[interportglobal.com/css/custom.css]
[interportglobal.com/img/bg/careers-banner.jpg]
[interportglobal.com/img/bg/india-info.jpg]
[interportglobal.com/img/bg/print-your-bill-of-lading.jpg]
[interportglobal.com/img/bg/import-export-consolidation.jpg]
[interportglobal.com/img/bg/end-to-end-logistics.jpg]
[interportglobal.com/img/bg/heavy-lift.jpg]
[interportglobal.com/img/bg/door-to-door-delivery.jpg]
[interportglobal.com/img/bg/iso-tanks-flexi-tanks.jpg]
[interportglobal.com/img/bg/nvocc.jpg]
[interportglobal.com/img/bg/hazardous-cargo.jpg]
[interportglobal.com/img/bg/project-cargo.jpg]
[interportglobal.com/img/bg/warehouse-management.jpg]
[interportglobal.com/img/bg/turnkey-projects.jpg]
[interportglobal.com/img/bg/cargo-insurance.jpg]
[interportglobal.com/img/bg/custom-clearance.jpg]
[interportglobal.com/img/bg/freight-forwarding3.jpg]
[interportglobal.com/img/bg/ocean-freight.jpg]
[interportglobal.com/img/bg/air-freight.jpg]
[interportglobal.com/img/bg/rail-freight.jpg]
[interportglobal.com/img/bg/road-freight.jpg]
[interportglobal.com/img/bg/vessel-handling.jpg]
[interportglobal.com/img/bg/about-banner.jpg]
[interportglobal.com/css/mystyle.css]
[interportglobal.com/img/bg/mob-careers-banner.jpg]
[interportglobal.com/img/bg/mob-india-info.jpg]
[interportglobal.com/img/bg/mob-print-your-bill-of-lading.jpg]
[interportglobal.com/img/bg/mob-import-export-consolidation.jpg]
[interportglobal.com/img/bg/mob-end-to-end-logistics.jpg]
[interportglobal.com/img/bg/mob-break-bulk.jpg]
[interportglobal.com/img/bg/mob-heavy-lift.jpg]
[interportglobal.com/img/bg/mob-door-to-door-delivery.jpg]
[interportglobal.com/img/bg/mob-iso-tanks-flexi-tanks.jpg]
[interportglobal.com/img/bg/mob-nvocc.jpg]
[interportglobal.com/img/bg/mob-project-logistics.jpg]
[interportglobal.com/img/bg/mob-transportation- distribution.jpg]
[interportglobal.com/img/bg/mob-warehousing.jpg]
[interportglobal.com/img/bg/mob-exhibition-cargo.jpg]
[interportglobal.com/img/bg/mob-hazardous-cargo.jpg]
[interportglobal.com/img/bg/mob-project-cargo.jpg]
[interportglobal.com/img/bg/mob-rfid-solutions.jpg]
[interportglobal.com/img/bg/mob-warehouse-management.jpg]
[interportglobal.com/img/bg/mob-turnkey-projects.jpg]
[interportglobal.com/img/bg/mob-logistics-solutions.jpg]
[interportglobal.com/img/bg/mob-cargo-insurance.jpg]
[interportglobal.com/img/bg/mob-container-freight-station.jpg]
[interportglobal.com/img/bg/mob-custom-clearance.jpg]
[interportglobal.com/img/bg/mob-freight-forwarding.jpg]
[interportglobal.com/img/bg/mob-ocean-freight.jpg]
[interportglobal.com/img/bg/mob-air-freight.jpg]
[interportglobal.com/img/bg/mob-rail-freight.jpg]
[interportglobal.com/img/bg/mob-road-freight.jpg]
[interportglobal.com/img/bg/mob-vessel-handling.jpg]
[interportglobal.com/img/bg/mob-about-banner.jpg]
[interportglobal.com/img/bg/mob-inco-terms.jpg]
[interportglobal.com/css/responsive.css]
[interportglobal.com/css/new-responsive.css]
[kit.fontawesome.com/f70dd43e17.html]
[www.googletagmanager.com/gtm5445.html]
[connect.facebook.net/en_US/fbevents.js]
[interportglobal.com/index-3.html]
[interportglobal.com/img/video/banner-final.mp4]
[interportglobal.com/img/icons/counter/employee.png]
[interportglobal.com/img/icons/counter/cummulative-exp.png]
[interportglobal.com/img/icons/counter/business.png]
[interportglobal.com/img/icons/counter/air-freight.png]
[interportglobal.com/img/icons/counter/countries.png]
[interportglobal.com/img/icons/counter/containers-handle.png]
[interportglobal.com/img/icons/counter/customer-brokerage.png]
[interportglobal.com/img/icons/counter/road-freight.png]
[interportglobal.com/img/portfolio/freight.jpg]
[interportglobal.com/img/portfolio/warehouse.jpg]
[interportglobal.com/img/portfolio/custom-brokerage.jpg]
[interportglobal.com/img/portfolio/hazardous.jpg]
[interportglobal.com/img/portfolio/door-to-door.jpg]
[interportglobal.com/img/client/client-1.png]
[interportglobal.com/img/client/client-2.png]
[interportglobal.com/img/client/client-3.png]
[interportglobal.com/img/client/client-4.png]
[interportglobal.com/img/client/client-7.png]
[interportglobal.com/img/client/client-5.png]
[interportglobal.com/img/client/client-8.png]
[interportglobal.com/img/client/client-10.png]
[interportglobal.com/img/client/client-6.png]
[interportglobal.com/img/client/client-15.png]
[interportglobal.com/img/client/client-16.png]
[interportglobal.com/index.html]
[interportglobal.com/img/about/vision-mission1.jpg]
[interportglobal.com/img/about/vision-mission2.jpg]
[interportglobal.com/img/about/vision-mission3.jpg]
[interportglobal.com/img/about/timeline1.jpg]
[interportglobal.com/img/about/timeline2.jpg]
[interportglobal.com/img/about/timeline3.jpg]
[interportglobal.com/img/about/timeline4.jpg]
[interportglobal.com/img/about/timeline5.jpg]
[interportglobal.com/img/about/timeline6.jpg]
[interportglobal.com/img/about/timeline7.jpg]
[interportglobal.com/img/about/timeline8.jpg]
[interportglobal.com/img/about/timeline9.jpg]
[interportglobal.com/img/about/timeline10.jpg]
[interportglobal.com/img/about/timeline11.jpg]
[interportglobal.com/img/team/sham.jpg]
[interportglobal.com/img/team/sameer.jpg]
[interportglobal.com/img/team/amit.jpg]
[interportglobal.com/img/team/vaidya.jpg]
[interportglobal.com/img/team/variation3.png]
[interportglobal.com/img/icons/pinch-zoom.png]
[interportglobal.com/img/team/sham-new.jpg]
[interportglobal.com/img/team/sameer-new.jpg]
[interportglobal.com/img/team/amit-new.jpg]
[interportglobal.com/img/team/vaidya-new.jpg]
[interportglobal.com/about.html]
[interportglobal.com/services.html]
[manuelstofer.github.io/pinchzoom/dist/pinch-zoom.umd.js]
[interportglobal.com/img/freight-forwarding/hassle-free-documentation-y.png]
[interportglobal.com/img/freight-forwarding/hassle-free-documentation-r.png]
[interportglobal.com/img/freight-forwarding/quicker-custom-clearance-y.png]
[interportglobal.com/img/freight-forwarding/quicker-custom-clearance-r.png]
[interportglobal.com/img/freight-forwarding/door-to-door-services-y.png]
[interportglobal.com/img/freight-forwarding/door-to-door-services-r.png]
[interportglobal.com/img/freight-forwarding/faster-cargo-y.png]
[interportglobal.com/img/freight-forwarding/faster-cargo-r.png]
[interportglobal.com/img/freight-forwarding/pinpoint-tracking-y.png]
[interportglobal.com/img/freight-forwarding/pinpoint-tracking-r.png]
[interportglobal.com/img/freight-forwarding/ingenious-solutions-y.png]
[interportglobal.com/img/freight-forwarding/ingenious-solutions-r.png]
[interportglobal.com/img/portfolio/air.jpg]
[interportglobal.com/img/portfolio/oceans.jpg]
[interportglobal.com/img/portfolio/rail.jpg]
[interportglobal.com/img/portfolio/road.jpg]
[interportglobal.com/freight-forwarding.html]
[interportglobal.com/img/icons/services-icons/ocean-freight/cargo-consolidation.png]
[interportglobal.com/img/icons/services-icons/ocean-freight/multimodal-transportation.png]
[interportglobal.com/img/icons/services-icons/ocean-freight/all-types-of-cargo.png]
[interportglobal.com/img/icons/services-icons/ocean-freight/secure-shipping.png]
[interportglobal.com/ocean-freight.html]
[interportglobal.com/img/icons/services-icons/air-freight/import-export.png]
[interportglobal.com/img/icons/services-icons/air-freight/hassel-free.png]
[interportglobal.com/air-freight.html]
[interportglobal.com/rail-freight.html]
[interportglobal.com/road-freight.html]
[interportglobal.com/img/icons/services-icons/warehouse_management/well-equipped-warehouses.png]
[interportglobal.com/img/icons/services-icons/warehouse_management/secure-storage.png]
[interportglobal.com/img/icons/services-icons/warehouse_management/controlled-enter-n-exit.png]
[interportglobal.com/img/icons/services-icons/warehouse_management/icd-warehouse.png]
[interportglobal.com/img/icons/services-icons/warehouse_management/insured-n-private.png]
[interportglobal.com/img/icons/services-icons/warehouse_management/footprint.png]
[interportglobal.com/3pl-warehousing.html]
[interportglobal.com/img/icons/services-icons/ocean-freight/modern-facilities.png]
[interportglobal.com/img/icons/services-icons/ocean-freight/door-to-door.png]
[interportglobal.com/custom-brokerage.html]
[interportglobal.com/img/icons/services-icons/hazardous_cargo/expert_handling.png]
[interportglobal.com/img/icons/services-icons/hazardous_cargo/commitment_to_safety.png]
[interportglobal.com/img/icons/services-icons/hazardous_cargo/multimodel_shipping.png]
[interportglobal.com/img/icons/services-icons/hazardous_cargo/safe-storage-passage.png]
[interportglobal.com/img/icons/services-icons/hazardous_cargo/package-repacking.png]
[interportglobal.com/img/icons/services-icons/hazardous_cargo/full-compliance.png]
[interportglobal.com/hazardous-cargo.html]
[interportglobal.com/img/icons/services-icons/ocean-freight/requirement-analysis.png]
[interportglobal.com/project-cargo.html]
[interportglobal.com/img/icons/services-icons/ocean-freight/full-range-equipments.png]
[interportglobal.com/img/icons/services-icons/ocean-freight/heavy-cargo-experts.png]
[interportglobal.com/heavy-lift.html]
[interportglobal.com/img/icons/services-icons/door_to_door-program/delivered.png]
[interportglobal.com/img/icons/services-icons/door_to_door-program/integration.png]
[interportglobal.com/img/icons/services-icons/door_to_door-program/on_point_document.png]
[interportglobal.com/door-to-door-program.html]
[interportglobal.com/img/icons/services-icons/vessel_handling/seamless_handling.png]
[interportglobal.com/img/icons/services-icons/vessel_handling/free-documentation-r.png]
[interportglobal.com/vessel-handling.html]
[interportglobal.com/img/icons/services-icons/turnkey_projects/expert_consulting.png]
[interportglobal.com/img/icons/services-icons/turnkey_projects/efficient_execution.png]
[interportglobal.com/turnkey-projects.html]
[interportglobal.com/img/icons/services-icons/iso_flexi_tanks/grade.png]
[interportglobal.com/img/icons/services-icons/iso_flexi_tanks/efficient_shipping.png]
[interportglobal.com/img/icons/services-icons/iso_flexi_tanks/ergonomic_design.png]
[interportglobal.com/img/icons/services-icons/iso_flexi_tanks/size.png]
[interportglobal.com/iso-flexi-tanks.html]
[interportglobal.com/img/icons/services-icons/cargo_insurance/car_insurance.png]
[interportglobal.com/img/icons/services-icons/cargo_insurance/reward.png]
[interportglobal.com/img/icons/services-icons/cargo_insurance/expert.png]
[interportglobal.com/cargo-insurance.html]
[interportglobal.com/img/icons/services-icons/nvocc/pinpoint-tracking-r.png]
[interportglobal.com/img/icons/services-icons/nvocc/expert.png]
[interportglobal.com/nvocc.html]
[interportglobal.com/import-export-consolidation.html]
[interportglobal.com/airlines.html]
[interportglobal.com/bankers.html]
[interportglobal.com/india-info.html]
[interportglobal.com/img/container/20-steel-dry-cargo-container.png]
[interportglobal.com/img/container/40-steel-dry-cargo-container.png]
[interportglobal.com/img/container/15_15.jpg]
[interportglobal.com/img/container/45-hi-cube-steel-dry-cargo-container.png]
[interportglobal.com/img/container/20-mgss-refrigerated-container.png]
[interportglobal.com/img/container/20-aluminum-refrigerated-container.png]
[interportglobal.com/img/container/40-mgss-hi-cube-refrigerated-container.png]
[interportglobal.com/img/container/40-hi-cube-aluminum-refrigerated-container.png]
[interportglobal.com/img/container/20_20.jpg]
[interportglobal.com/img/container/40-flat-rack-container-with-four-freestanding-posts.png]
[interportglobal.com/img/container/20-flat-rack-container-with-collapsible-end.png]
[interportglobal.com/img/container/20-fuel-tank-container.png]
[interportglobal.com/img/container/8_8.jpg]
[interportglobal.com/img/container/3_3.jpg]
[interportglobal.com/img/container/40-full-height-open-top-container.png]
[interportglobal.com/img/container/40HI-CUBEhanger-container.png]
[interportglobal.com/container-specification-sea.html]
[interportglobal.com/img/container/aap.jpg]
[interportglobal.com/img/container/aau.jpg]
[interportglobal.com/img/container/ama.jpg]
[interportglobal.com/img/container/ave.jpg]
[interportglobal.com/img/container/avj.jpg]
[interportglobal.com/img/container/dlf_dqf.jpg]
[interportglobal.com/img/container/p1p_pag.jpg]
[interportglobal.com/img/container/p6p_pmc.jpg]
[interportglobal.com/img/container/rap.jpg]
[interportglobal.com/img/container/rkn.jpg]
[interportglobal.com/container-specification-air.html]
[interportglobal.com/hazmat-definitions.html]
[interportglobal.com/shipping-glossary.html]
[interportglobal.com/iata-codes.html]
[interportglobal.com/usa-port-codes.html]
[interportglobal.com/print-your-bill-of-lading.html]
[interportglobal.com/industry-links.html]
[interportglobal.com/inco-terms.html]
[interportglobal.com/pdf/Openings-at-IGL.pdf]
[interportglobal.com/careers.html]
[interportglobal.com/network.html]
[interportglobal.com/contact.html]
[interportglobal.com/enquiry-save.html]
[interportglobal.com/enquiry-form.html]
[interportglobal.com/feedback-save.html]
[interportglobal.com/feedback-form.html]
[cdnjs.cloudflare.com/ajax/libs/bootstrap-datepicker/1.9.0/css/bootstrap-datepicker3.min.css]
[cdnjs.cloudflare.com/ajax/libs/bootstrap-datepicker/1.9.0/js/bootstrap-datepicker.min.js]
[cdn.jsdelivr.net/npm/jquery-validation@1.19.5/dist/jquery.validate.js]
[interportglobal.com/air-shipment-save.html]
[interportglobal.com/air-shipment.html]
[interportglobal.com/sea-shipment-save.html]
[interportglobal.com/sea-shipment.html]
[interportglobal.com/get-a-quote.html]
[interportglobal.com/terms-and-conditions.html]
[interportglobal.com/img/certifications/mto-big.jpg]
[interportglobal.com/img/certifications/thumbnails/mto-big-150x150.jpg]
[interportglobal.com/img/certifications/WCA-1024x757.jpg]
[interportglobal.com/img/certifications/thumbnails/WCA-150x150.jpg]
[interportglobal.com/img/certifications/IATA-2021-Certificate-1024x726.jpg]
[interportglobal.com/img/certifications/thumbnails/IATA-2021-Certificate-150x150.jpg]
[interportglobal.com/img/certifications/INC-FMC-License-1024x791.jpg]
[interportglobal.com/img/certifications/thumbnails/INC-FMC-License-150x150.jpg]
[interportglobal.com/img/certifications/CHA-1024x734.jpg]
[interportglobal.com/img/certifications/thumbnails/CHA-150x150.jpg]
[interportglobal.com/img/certifications/DUNS-Certificate-1024x730.jpg]
[interportglobal.com/img/certifications/thumbnails/DUNS-Certificate-150x150.jpg]
[interportglobal.com/img/certifications/IGL-DUNS-Certificate-Noida-1024x730.jpg]
[interportglobal.com/img/certifications/thumbnails/IGL-DUNS-Certificate-Noida-150x150.jpg]
[interportglobal.com/img/certifications/FFFAI-Interport-Global-Logistics-Pvt.-Ltd-839x1024.jpg]
[interportglobal.com/img/certifications/thumbnails/FFFAI-Interport-Global-Logistics-Pvt.-Ltd-150x150.jpg]
[interportglobal.com/img/certifications/iam-big.jpg]
[interportglobal.com/img/certifications/thumbnails/iam-big-150x150.jpg]
[interportglobal.com/img/certifications/14001.jpg]
[interportglobal.com/img/certifications/thumbnails/14001.jpg]
[interportglobal.com/img/certifications/9001.jpg]
[interportglobal.com/img/certifications/thumbnails/9001.jpg]
[interportglobal.com/img/certifications/45001.jpg]
[interportglobal.com/img/certifications/thumbnails/45001.jpg]
[interportglobal.com/img/certifications/AMTOI-2019-2020-705x1024.jpg]
[interportglobal.com/img/certifications/thumbnails/AMTOI-2019-2020-150x150.jpg]
[interportglobal.com/img/certifications/gms_big.jpg]
[interportglobal.com/img/certifications/thumbnails/gms_big-150x150.jpg]
[interportglobal.com/img/certifications/EU-Chambers-718x1024.jpg]
[interportglobal.com/img/certifications/thumbnails/EU-Chambers-150x150.jpg]
[interportglobal.com/img/certifications/IGL-Relocation_FAIM_3.1_Certificate-724x1024.jpg]
[interportglobal.com/img/certifications/thumbnails/IGL-Relocation_FAIM_3.1_Certificate-150x150.jpg]
[interportglobal.com/img/certifications/AEO-733x1024.jpg]
[interportglobal.com/img/certifications/thumbnails/AEO-150x150.jpg]
[interportglobal.com/img/certifications/NCBFAA.jpg]
[interportglobal.com/img/certifications/thumbnails/NCBFAA.jpg]
[interportglobal.com/img/certifications/C-TPAT_Certification_Letter-431x1024.jpg]
[interportglobal.com/img/certifications/thumbnails/C-TPAT_Certification_Letter-150x150.jpg]
[interportglobal.com/certifications.html]
[interportglobal.com/pdf/advertisements/ad1.pdf]
[interportglobal.com/img/advertisements/ad1.jpg]
[interportglobal.com/pdf/advertisements/ad2.pdf]
[interportglobal.com/img/advertisements/ad2.jpg]
[interportglobal.com/pdf/advertisements/ad3.pdf]
[interportglobal.com/img/advertisements/ad3.jpg]
[interportglobal.com/pdf/advertisements/ad4.pdf]
[interportglobal.com/img/advertisements/ad4.jpg]
[interportglobal.com/pdf/advertisements/ad5.pdf]
[interportglobal.com/img/advertisements/ad5.jpg]
[interportglobal.com/pdf/advertisements/ad6.pdf]
[interportglobal.com/img/advertisements/ad6.jpg]
[interportglobal.com/pdf/advertisements/ad7.pdf]
[interportglobal.com/img/advertisements/ad7.jpg]
[interportglobal.com/pdf/advertisements/ad8.pdf]
[interportglobal.com/img/advertisements/ad8.jpg]
[interportglobal.com/advertisements.html]
[interportglobal.com/sitemap.html]
[interportglobal.com/new/fonts/fa-brands-400.ttf]
[interportglobal.com/new/fonts/fa-regular-400.ttf]
[interportglobal.com/new/fonts/fa-solid-900.ttf]
[interportglobal.com/new/fonts/fa-v4compatibility.ttf]
[interportglobal.com/new/fonts/themify9f249f24.eot]
[interportglobal.com/new/fonts/themifyd41dd41d.eot]
[interportglobal.com/new/fonts/themify9f249f24.woff]
[interportglobal.com/new/fonts/themify9f249f24.ttf]
[interportglobal.com/new/fonts/lg83068306.ttf]
[interportglobal.com/new/fonts/lg83068306.woff]
[interportglobal.com/new/css/plugins.css]
[interportglobal.com/new/img/bg/testimonials_bg.jpg]
[interportglobal.com/new/css/styles.css]
[interportglobal.com/new/img/bg/inco-terms.jpg]
[interportglobal.com/new/css/custom.css]
[interportglobal.com/new/img/bg/careers-banner.jpg]
[interportglobal.com/new/img/bg/india-info.jpg]
[interportglobal.com/new/img/bg/print-your-bill-of-lading.jpg]
[interportglobal.com/new/img/bg/import-export-consolidation.jpg]
[interportglobal.com/new/img/bg/end-to-end-logistics.jpg]
[interportglobal.com/new/img/bg/heavy-lift.jpg]
[interportglobal.com/new/img/bg/door-to-door-delivery.jpg]
[interportglobal.com/new/img/bg/iso-tanks-flexi-tanks.jpg]
[interportglobal.com/new/img/bg/nvocc.jpg]
[interportglobal.com/new/img/bg/hazardous-cargo.jpg]
[interportglobal.com/new/img/bg/project-cargo.jpg]
[interportglobal.com/new/img/bg/warehouse-management.jpg]
[interportglobal.com/new/img/bg/turnkey-projects.jpg]
[interportglobal.com/new/img/bg/cargo-insurance.jpg]
[interportglobal.com/new/img/bg/custom-clearance.jpg]
[interportglobal.com/new/img/bg/freight-forwarding3.jpg]
[interportglobal.com/new/img/bg/ocean-freight.jpg]
[interportglobal.com/new/img/bg/air-freight.jpg]
[interportglobal.com/new/img/bg/rail-freight.jpg]
[interportglobal.com/new/img/bg/road-freight.jpg]
[interportglobal.com/new/img/bg/vessel-handling.jpg]
[interportglobal.com/new/img/bg/about-banner.jpg]
[interportglobal.com/new/css/mystyle.css]
[interportglobal.com/new/img/bg/mob-careers-banner.jpg]
[interportglobal.com/new/img/bg/mob-india-info.jpg]
[interportglobal.com/new/img/bg/mob-print-your-bill-of-lading.jpg]
[interportglobal.com/new/img/bg/mob-import-export-consolidation.jpg]
[interportglobal.com/new/img/bg/mob-end-to-end-logistics.jpg]
[interportglobal.com/new/img/bg/mob-break-bulk.jpg]
[interportglobal.com/new/img/bg/mob-heavy-lift.jpg]
[interportglobal.com/new/img/bg/mob-door-to-door-delivery.jpg]
[interportglobal.com/new/img/bg/mob-iso-tanks-flexi-tanks.jpg]
[interportglobal.com/new/img/bg/mob-nvocc.jpg]
[interportglobal.com/new/img/bg/mob-project-logistics.jpg]
[interportglobal.com/new/img/bg/mob-transportation- distribution.jpg]
[interportglobal.com/new/img/bg/mob-warehousing.jpg]
[interportglobal.com/new/img/bg/mob-exhibition-cargo.jpg]
[interportglobal.com/new/img/bg/mob-hazardous-cargo.jpg]
[interportglobal.com/new/img/bg/mob-project-cargo.jpg]
[interportglobal.com/new/img/bg/mob-rfid-solutions.jpg]
[interportglobal.com/new/img/bg/mob-warehouse-management.jpg]
[interportglobal.com/new/img/bg/mob-turnkey-projects.jpg]
[interportglobal.com/new/img/bg/mob-logistics-solutions.jpg]
[interportglobal.com/new/img/bg/mob-cargo-insurance.jpg]
[interportglobal.com/new/img/bg/mob-container-freight-station.jpg]
[interportglobal.com/new/img/bg/mob-custom-clearance.jpg]
[interportglobal.com/new/img/bg/mob-freight-forwarding.jpg]
[interportglobal.com/new/img/bg/mob-ocean-freight.jpg]
[interportglobal.com/new/img/bg/mob-air-freight.jpg]
[interportglobal.com/new/img/bg/mob-rail-freight.jpg]
[interportglobal.com/new/img/bg/mob-road-freight.jpg]
[interportglobal.com/new/img/bg/mob-vessel-handling.jpg]
[interportglobal.com/new/img/bg/mob-about-banner.jpg]
[interportglobal.com/new/img/bg/mob-inco-terms.jpg]
[interportglobal.com/new/css/responsive.css]
[interportglobal.com/new/css/new-responsive.css]
[interportglobal.com/new/index-2.html]
[interportglobal.com/new/img/about/vision-mission1.jpg]
[interportglobal.com/new/img/about/vision-mission2.jpg]
[interportglobal.com/new/img/about/vision-mission3.jpg]
[interportglobal.com/new/img/about/timeline1.jpg]
[interportglobal.com/new/img/about/timeline2.jpg]
[interportglobal.com/new/img/about/timeline3.jpg]
[interportglobal.com/new/img/about/timeline4.jpg]
[interportglobal.com/new/img/about/timeline5.jpg]
[interportglobal.com/new/img/about/timeline6.jpg]
[interportglobal.com/new/img/about/timeline7.jpg]
[interportglobal.com/new/img/about/timeline8.jpg]
[interportglobal.com/new/img/about/timeline9.jpg]
[interportglobal.com/new/img/about/timeline10.jpg]
[interportglobal.com/new/img/about/timeline11.jpg]
[interportglobal.com/new/img/team/sham.jpg]
[interportglobal.com/new/img/team/sameer.jpg]
[interportglobal.com/new/img/team/amit.jpg]
[interportglobal.com/new/img/team/vaidya.jpg]
[interportglobal.com/new/img/team/variation3.png]
[interportglobal.com/new/img/icons/pinch-zoom.png]
[interportglobal.com/new/img/team/sham-new.jpg]
[interportglobal.com/new/img/team/sameer-new.jpg]
[interportglobal.com/new/img/team/amit-new.jpg]
[interportglobal.com/new/img/team/vaidya-new.jpg]
[interportglobal.com/new/about.html]
[interportglobal.com/new/services.html]
[interportglobal.com/new/img/freight-forwarding/hassle-free-documentation-y.png]
[interportglobal.com/new/img/freight-forwarding/hassle-free-documentation-r.png]
[interportglobal.com/new/img/freight-forwarding/quicker-custom-clearance-y.png]
[interportglobal.com/new/img/freight-forwarding/quicker-custom-clearance-r.png]
[interportglobal.com/new/img/freight-forwarding/door-to-door-services-y.png]
[interportglobal.com/new/img/freight-forwarding/door-to-door-services-r.png]
[interportglobal.com/new/img/freight-forwarding/faster-cargo-y.png]
[interportglobal.com/new/img/freight-forwarding/faster-cargo-r.png]
[interportglobal.com/new/img/freight-forwarding/pinpoint-tracking-y.png]
[interportglobal.com/new/img/freight-forwarding/pinpoint-tracking-r.png]
[interportglobal.com/new/img/freight-forwarding/ingenious-solutions-y.png]
[interportglobal.com/new/img/freight-forwarding/ingenious-solutions-r.png]
[interportglobal.com/new/img/portfolio/air.jpg]
[interportglobal.com/new/img/portfolio/oceans.jpg]
[interportglobal.com/new/img/portfolio/rail.jpg]
[interportglobal.com/new/img/portfolio/road.jpg]
[interportglobal.com/new/freight-forwarding.html]
[interportglobal.com/new/img/icons/services-icons/ocean-freight/cargo-consolidation.png]
[interportglobal.com/new/img/icons/services-icons/ocean-freight/multimodal-transportation.png]
[interportglobal.com/new/img/icons/services-icons/ocean-freight/all-types-of-cargo.png]
[interportglobal.com/new/img/icons/services-icons/ocean-freight/secure-shipping.png]
[interportglobal.com/new/ocean-freight.html]
[interportglobal.com/new/img/icons/services-icons/air-freight/import-export.png]
[interportglobal.com/new/air-freight.html]
[interportglobal.com/new/img/icons/services-icons/air-freight/hassel-free.png]
[interportglobal.com/new/rail-freight.html]
[interportglobal.com/new/road-freight.html]
[interportglobal.com/new/img/icons/services-icons/warehouse_management/well-equipped-warehouses.png]
[interportglobal.com/new/img/icons/services-icons/warehouse_management/secure-storage.png]
[interportglobal.com/new/img/icons/services-icons/warehouse_management/controlled-enter-n-exit.png]
[interportglobal.com/new/img/icons/services-icons/warehouse_management/icd-warehouse.png]
[interportglobal.com/new/img/icons/services-icons/warehouse_management/insured-n-private.png]
[interportglobal.com/new/img/icons/services-icons/warehouse_management/footprint.png]
[interportglobal.com/new/3pl-warehousing.html]
[interportglobal.com/new/img/icons/services-icons/ocean-freight/modern-facilities.png]
[interportglobal.com/new/img/icons/services-icons/ocean-freight/door-to-door.png]
[interportglobal.com/new/custom-brokerage.html]
[interportglobal.com/new/img/icons/services-icons/hazardous_cargo/expert_handling.png]
[interportglobal.com/new/img/icons/services-icons/hazardous_cargo/commitment_to_safety.png]
[interportglobal.com/new/img/icons/services-icons/hazardous_cargo/multimodel_shipping.png]
[interportglobal.com/new/img/icons/services-icons/hazardous_cargo/safe-storage-passage.png]
[interportglobal.com/new/img/icons/services-icons/hazardous_cargo/package-repacking.png]
[interportglobal.com/new/img/icons/services-icons/hazardous_cargo/full-compliance.png]
[interportglobal.com/new/hazardous-cargo.html]
[interportglobal.com/new/img/icons/services-icons/ocean-freight/requirement-analysis.png]
[interportglobal.com/new/project-cargo.html]
[interportglobal.com/new/img/icons/services-icons/ocean-freight/full-range-equipments.png]
[interportglobal.com/new/img/icons/services-icons/ocean-freight/heavy-cargo-experts.png]
[interportglobal.com/new/heavy-lift.html]
[interportglobal.com/new/img/icons/services-icons/door_to_door-program/delivered.png]
[interportglobal.com/new/img/icons/services-icons/door_to_door-program/integration.png]
[interportglobal.com/new/img/icons/services-icons/door_to_door-program/on_point_document.png]
[interportglobal.com/new/door-to-door-program.html]
[interportglobal.com/new/img/icons/services-icons/vessel_handling/seamless_handling.png]
[interportglobal.com/new/img/icons/services-icons/vessel_handling/free-documentation-r.png]
[interportglobal.com/new/vessel-handling.html]
[interportglobal.com/new/img/icons/services-icons/turnkey_projects/expert_consulting.png]
[interportglobal.com/new/img/icons/services-icons/turnkey_projects/efficient_execution.png]
[interportglobal.com/new/turnkey-projects.html]
[interportglobal.com/new/img/icons/services-icons/iso_flexi_tanks/grade.png]
[interportglobal.com/new/img/icons/services-icons/iso_flexi_tanks/efficient_shipping.png]
[interportglobal.com/new/img/icons/services-icons/iso_flexi_tanks/ergonomic_design.png]
[interportglobal.com/new/img/icons/services-icons/iso_flexi_tanks/size.png]
[interportglobal.com/new/iso-flexi-tanks.html]
[interportglobal.com/new/img/icons/services-icons/cargo_insurance/car_insurance.png]
[interportglobal.com/new/img/icons/services-icons/cargo_insurance/reward.png]
[interportglobal.com/new/img/icons/services-icons/cargo_insurance/expert.png]
[interportglobal.com/new/cargo-insurance.html]
[interportglobal.com/new/img/icons/services-icons/nvocc/pinpoint-tracking-r.png]
[interportglobal.com/new/img/icons/services-icons/nvocc/expert.png]
[interportglobal.com/new/nvocc.html]
[interportglobal.com/new/import-export-consolidation.html]
[interportglobal.com/new/airlines.html]
[interportglobal.com/new/bankers.html]
[interportglobal.com/new/2023-holiday-list.html]
[interportglobal.com/new/india-info.html]
[interportglobal.com/new/img/container/20-steel-dry-cargo-container.png]
[interportglobal.com/new/img/container/40-steel-dry-cargo-container.png]
[interportglobal.com/new/img/container/15_15.jpg]
[interportglobal.com/new/img/container/45-hi-cube-steel-dry-cargo-container.png]
[interportglobal.com/new/img/container/20-mgss-refrigerated-container.png]
[interportglobal.com/new/img/container/20-aluminum-refrigerated-container.png]
[interportglobal.com/new/img/container/40-mgss-hi-cube-refrigerated-container.png]
[interportglobal.com/new/img/container/40-hi-cube-aluminum-refrigerated-container.png]
[interportglobal.com/new/img/container/20_20.jpg]
[interportglobal.com/new/img/container/40-flat-rack-container-with-four-freestanding-posts.png]
[interportglobal.com/new/img/container/20-flat-rack-container-with-collapsible-end.png]
[interportglobal.com/new/img/container/20-fuel-tank-container.png]
[interportglobal.com/new/img/container/8_8.jpg]
[interportglobal.com/new/img/container/3_3.jpg]
[interportglobal.com/new/img/container/40-full-height-open-top-container.png]
[interportglobal.com/new/img/container/40HI-CUBEhanger-container.png]
[interportglobal.com/new/container-specification-sea.html]
[interportglobal.com/new/img/container/aap.jpg]
[interportglobal.com/new/img/container/aau.jpg]
[interportglobal.com/new/img/container/ama.jpg]
[interportglobal.com/new/img/container/ave.jpg]
[interportglobal.com/new/img/container/avj.jpg]
[interportglobal.com/new/img/container/dlf_dqf.jpg]
[interportglobal.com/new/img/container/p1p_pag.jpg]
[interportglobal.com/new/img/container/p6p_pmc.jpg]
[interportglobal.com/new/img/container/rap.jpg]
[interportglobal.com/new/img/container/rkn.jpg]
[interportglobal.com/new/container-specification-air.html]
[interportglobal.com/new/hazmat-definitions.html]
[interportglobal.com/new/shipping-glossary.html]
[interportglobal.com/new/iata-codes.html]
[interportglobal.com/new/usa-port-codes.html]
[interportglobal.com/new/print-your-bill-of-lading.html]
[interportglobal.com/new/industry-links.html]
[interportglobal.com/new/inco-terms.html]
[interportglobal.com/new/pdf/Openings-at-IGL.pdf]
[interportglobal.com/new/careers.html]
[interportglobal.com/new/network.html]
[interportglobal.com/new/contact.html]
[interportglobal.com/new/enquiry-save.html]
[interportglobal.com/new/enquiry-form.html]
[interportglobal.com/new/feedback-save.html]
[interportglobal.com/new/feedback-form.html]
[interportglobal.com/new/air-shipment-save.html]
[interportglobal.com/new/air-shipment.html]
[interportglobal.com/new/sea-shipment-save.html]
[interportglobal.com/new/sea-shipment.html]
[interportglobal.com/new/get-a-quote.html]
[interportglobal.com/new/img/icons/fastest  & on time delivery 2-golden.svg]
[interportglobal.com/new/img/icons/fastest  & on time delivery-red.svg]
[interportglobal.com/new/img/icons/quick  customer support-golden.svg]
[interportglobal.com/new/img/icons/quick  customer support-red.svg]
[interportglobal.com/new/img/icons/global presence-golden.svg]
[interportglobal.com/new/img/icons/global presence-red.svg]
[interportglobal.com/new/img/icons/28yrs of erxperience-golden.svg]
[interportglobal.com/new/img/icons/28yrs of erxperience-red.svg]
[interportglobal.com/new/terms-and-conditions.html]
[interportglobal.com/new/img/certifications/mto-big.jpg]
[interportglobal.com/new/img/certifications/thumbnails/mto-big-150x150.jpg]
[interportglobal.com/new/img/certifications/WCA-1024x757.jpg]
[interportglobal.com/new/img/certifications/thumbnails/WCA-150x150.jpg]
[interportglobal.com/new/img/certifications/IATA-2021-Certificate-1024x726.jpg]
[interportglobal.com/new/img/certifications/thumbnails/IATA-2021-Certificate-150x150.jpg]
[interportglobal.com/new/img/certifications/INC-FMC-License-1024x791.jpg]
[interportglobal.com/new/img/certifications/thumbnails/INC-FMC-License-150x150.jpg]
[interportglobal.com/new/img/certifications/CHA-1024x734.jpg]
[interportglobal.com/new/img/certifications/thumbnails/CHA-150x150.jpg]
[interportglobal.com/new/img/certifications/DUNS-Certificate-1024x730.jpg]
[interportglobal.com/new/img/certifications/thumbnails/DUNS-Certificate-150x150.jpg]
[interportglobal.com/new/img/certifications/IGL-DUNS-Certificate-Noida-1024x730.jpg]
[interportglobal.com/new/img/certifications/thumbnails/IGL-DUNS-Certificate-Noida-150x150.jpg]
[interportglobal.com/new/img/certifications/FFFAI-Interport-Global-Logistics-Pvt.-Ltd-839x1024.jpg]
[interportglobal.com/new/img/certifications/thumbnails/FFFAI-Interport-Global-Logistics-Pvt.-Ltd-150x150.jpg]
[interportglobal.com/new/img/certifications/iam-big.jpg]
[interportglobal.com/new/img/certifications/thumbnails/iam-big-150x150.jpg]
[interportglobal.com/new/img/certifications/INTERPORT-EMS-RECERTIFICATION-Certificate-724x1024.jpg]
[interportglobal.com/new/img/certifications/thumbnails/INTERPORT-EMS-RECERTIFICATION-Certificate-150x150.jpg]
[interportglobal.com/new/img/certifications/INTERPORT-QMS-RECERTIFICATION-Certificate-724x1024.jpg]
[interportglobal.com/new/img/certifications/thumbnails/INTERPORT-QMS-RECERTIFICATION-Certificate-150x150.jpg]
[interportglobal.com/new/img/certifications/INTERPORT-OHSMS-CERTIFICATION-Certificate-724x1024.jpg]
[interportglobal.com/new/img/certifications/thumbnails/INTERPORT-OHSMS-CERTIFICATION-Certificate-150x150.jpg]
[interportglobal.com/new/img/certifications/AMTOI-2019-2020-705x1024.jpg]
[interportglobal.com/new/img/certifications/thumbnails/AMTOI-2019-2020-150x150.jpg]
[interportglobal.com/new/img/certifications/gms_big.jpg]
[interportglobal.com/new/img/certifications/thumbnails/gms_big-150x150.jpg]
[interportglobal.com/new/img/certifications/EU-Chambers-718x1024.jpg]
[interportglobal.com/new/img/certifications/thumbnails/EU-Chambers-150x150.jpg]
[interportglobal.com/new/img/certifications/IGL-Relocation_FAIM_3.1_Certificate-724x1024.jpg]
[interportglobal.com/new/img/certifications/thumbnails/IGL-Relocation_FAIM_3.1_Certificate-150x150.jpg]
[interportglobal.com/new/img/certifications/AEO-733x1024.jpg]
[interportglobal.com/new/img/certifications/thumbnails/AEO-150x150.jpg]
[interportglobal.com/new/img/certifications/C-TPAT_Certification_Letter-431x1024.jpg]
[interportglobal.com/new/img/certifications/thumbnails/C-TPAT_Certification_Letter-150x150.jpg]
[interportglobal.com/new/certifications.html]
[interportglobal.com/new/pdf/advertisements/ad1.pdf]
[interportglobal.com/new/img/advertisements/ad1.jpg]
[interportglobal.com/new/pdf/advertisements/ad2.pdf]
[interportglobal.com/new/img/advertisements/ad2.jpg]
[interportglobal.com/new/pdf/advertisements/ad3.pdf]
[interportglobal.com/new/img/advertisements/ad3.jpg]
[interportglobal.com/new/pdf/advertisements/ad4.pdf]
[interportglobal.com/new/img/advertisements/ad4.jpg]
[interportglobal.com/new/pdf/advertisements/ad5.pdf]
[interportglobal.com/new/img/advertisements/ad5.jpg]
[interportglobal.com/new/pdf/advertisements/ad6.pdf]
[interportglobal.com/new/img/advertisements/ad6.jpg]
[interportglobal.com/new/pdf/advertisements/ad7.pdf]
[interportglobal.com/new/img/advertisements/ad7.jpg]
[interportglobal.com/new/pdf/advertisements/ad8.pdf]
[interportglobal.com/new/img/advertisements/ad8.jpg]
[interportglobal.com/new/advertisements.html]
[interportglobal.com/new/sitemap.html]
[interportglobal.com/index-2.html]
[interportglobal.com/fonts/fa-brands-400.html]
[interportglobal.com/fonts/fa-regular-400.html]
[interportglobal.com/fonts/fa-solid-900.html]
[interportglobal.com/fonts/fa-v4compatibility.html]
[interportglobal.com/fonts/themify9f249f24.svg]
[interportglobal.com/fonts/lg83068306.svg]
[interportglobal.com/img/icons/vimeo-play.html]
[interportglobal.com/img/icons/video-play.html]
[interportglobal.com/img/icons/youtube-play.html]
[interportglobal.com/img/content/loading.html]
[interportglobal.com/css/owl.video.play.html]
[interportglobal.com/img/bg/break-bulk.html]
[interportglobal.com/img/bg/project-logistics.html]
[interportglobal.com/img/bg/transportation- distribution.html]
[interportglobal.com/img/bg/warehousing.html]
[interportglobal.com/img/bg/exhibition-cargo.html]
[interportglobal.com/img/bg/rfid-solutions.html]
[interportglobal.com/img/bg/logistics-solutions.html]
[interportglobal.com/img/bg/container-freight-station.html]
[interportglobal.com/img/bg/ivrs.html]
[interportglobal.com/img/bg/mob-ivrs.html]
[interportglobal.com/a.html]
[interportglobal.com/POST.html]
[interportglobal.com/schema.org/index.html]
[interportglobal.com/index-3.html]
[interportglobal.com/b.html]
[interportglobal.com/signals/iwl.html]
[interportglobal.com/img/icons/fastest  & on time delivery 2-golden.svg]
[interportglobal.com/img/icons/fastest  & on time delivery-red.svg]
[interportglobal.com/img/icons/quick  customer support-golden.svg]
[interportglobal.com/img/icons/quick  customer support-red.svg]
[interportglobal.com/img/icons/global presence-golden.svg]
[interportglobal.com/img/icons/global presence-red.svg]
[interportglobal.com/img/icons/28yrs of erxperience-golden.svg]
[interportglobal.com/img/icons/28yrs of erxperience-red.svg]
[interportglobal.com/img/icons/list-icon.svg]
[interportglobal.com/_http_/www.nsict.co.in/_ name=_C166_.html]
[interportglobal.com/enquiry-save.html]
[interportglobal.com/feedback-save.html]
[cdnjs.cloudflare.com/ajax/libs/bootstrap-datepicker/1.9.0/css/bootstrap-datepicker3.min.css]
[interportglobal.com/air-shipment-save.html]
[interportglobal.com/sea-shipment-save.html]
[interportglobal.com/new/index-3.html]
[interportglobal.com/new/fonts/fa-brands-400.html]
[interportglobal.com/new/fonts/fa-regular-400.html]
[interportglobal.com/new/fonts/fa-solid-900.html]
[interportglobal.com/new/fonts/fa-v4compatibility.html]
[interportglobal.com/new/fonts/themify9f249f24.svg]
[interportglobal.com/new/fonts/lg83068306.svg]
[interportglobal.com/new/img/icons/vimeo-play.html]
[interportglobal.com/new/img/icons/video-play.html]
[interportglobal.com/new/img/icons/youtube-play.html]
[interportglobal.com/new/img/content/loading.html]
[interportglobal.com/new/css/owl.video.play.html]
[interportglobal.com/new/img/bg/break-bulk.html]
[interportglobal.com/new/img/bg/project-logistics.html]
[interportglobal.com/new/img/bg/transportation- distribution.html]
[interportglobal.com/new/img/bg/warehousing.html]
[interportglobal.com/new/img/bg/exhibition-cargo.html]
[interportglobal.com/new/img/bg/rfid-solutions.html]
[interportglobal.com/new/img/bg/logistics-solutions.html]
[interportglobal.com/new/img/bg/container-freight-station.html]
[interportglobal.com/new/img/bg/ivrs.html]
[interportglobal.com/new/img/bg/mob-ivrs.html]
[interportglobal.com/new/img/icons/list-icon.svg]
[interportglobal.com/new/_http_/www.nsict.co.in/_ name=_C166_.html]
[interportglobal.com/new/enquiry-save.html]
[interportglobal.com/new/feedback-save.html]
[interportglobal.com/new/air-shipment-save.html]
[interportglobal.com/new/sea-shipment-save.html]
